Archive member included to satisfy reference by file (symbol)

d:/stm32/stm32cubeide_1.7.0/stm32cubeide/plugins/com.st.stm32cube.ide.mcu.externaltools.gnu-tools-for-stm32.9-2020-q2-update.win32_2.0.0.202105311346/tools/bin/../lib/gcc/arm-none-eabi/9.3.1/../../../../arm-none-eabi/lib/thumb/v7-m/nofp\libc_nano.a(lib_a-errno.o)
                              ./Core/Src/syscalls.o (__errno)
d:/stm32/stm32cubeide_1.7.0/stm32cubeide/plugins/com.st.stm32cube.ide.mcu.externaltools.gnu-tools-for-stm32.9-2020-q2-update.win32_2.0.0.202105311346/tools/bin/../lib/gcc/arm-none-eabi/9.3.1/../../../../arm-none-eabi/lib/thumb/v7-m/nofp\libc_nano.a(lib_a-exit.o)
                              d:/stm32/stm32cubeide_1.7.0/stm32cubeide/plugins/com.st.stm32cube.ide.mcu.externaltools.gnu-tools-for-stm32.9-2020-q2-update.win32_2.0.0.202105311346/tools/bin/../lib/gcc/arm-none-eabi/9.3.1/../../../../arm-none-eabi/lib/thumb/v7-m/nofp/crt0.o (exit)
d:/stm32/stm32cubeide_1.7.0/stm32cubeide/plugins/com.st.stm32cube.ide.mcu.externaltools.gnu-tools-for-stm32.9-2020-q2-update.win32_2.0.0.202105311346/tools/bin/../lib/gcc/arm-none-eabi/9.3.1/../../../../arm-none-eabi/lib/thumb/v7-m/nofp\libc_nano.a(lib_a-impure.o)
                              d:/stm32/stm32cubeide_1.7.0/stm32cubeide/plugins/com.st.stm32cube.ide.mcu.externaltools.gnu-tools-for-stm32.9-2020-q2-update.win32_2.0.0.202105311346/tools/bin/../lib/gcc/arm-none-eabi/9.3.1/../../../../arm-none-eabi/lib/thumb/v7-m/nofp\libc_nano.a(lib_a-exit.o) (_global_impure_ptr)
d:/stm32/stm32cubeide_1.7.0/stm32cubeide/plugins/com.st.stm32cube.ide.mcu.externaltools.gnu-tools-for-stm32.9-2020-q2-update.win32_2.0.0.202105311346/tools/bin/../lib/gcc/arm-none-eabi/9.3.1/../../../../arm-none-eabi/lib/thumb/v7-m/nofp\libc_nano.a(lib_a-init.o)
                              d:/stm32/stm32cubeide_1.7.0/stm32cubeide/plugins/com.st.stm32cube.ide.mcu.externaltools.gnu-tools-for-stm32.9-2020-q2-update.win32_2.0.0.202105311346/tools/bin/../lib/gcc/arm-none-eabi/9.3.1/../../../../arm-none-eabi/lib/thumb/v7-m/nofp/crt0.o (__libc_init_array)
d:/stm32/stm32cubeide_1.7.0/stm32cubeide/plugins/com.st.stm32cube.ide.mcu.externaltools.gnu-tools-for-stm32.9-2020-q2-update.win32_2.0.0.202105311346/tools/bin/../lib/gcc/arm-none-eabi/9.3.1/../../../../arm-none-eabi/lib/thumb/v7-m/nofp\libc_nano.a(lib_a-memset.o)
                              d:/stm32/stm32cubeide_1.7.0/stm32cubeide/plugins/com.st.stm32cube.ide.mcu.externaltools.gnu-tools-for-stm32.9-2020-q2-update.win32_2.0.0.202105311346/tools/bin/../lib/gcc/arm-none-eabi/9.3.1/../../../../arm-none-eabi/lib/thumb/v7-m/nofp/crt0.o (memset)

Allocating common symbols
Common symbol       size              file

ledValueData        0x4               ./Core/Src/global.o
SCH_tasks_G         0x320             ./Core/Src/main.o
yellowTime          0x4               ./Core/Src/global.o
uwTick              0x4               ./Drivers/STM32F1xx_HAL_Driver/Src/stm32f1xx_hal.o
temp                0x4               ./Core/Src/mode_control.o
pFlash              0x20              ./Drivers/STM32F1xx_HAL_Driver/Src/stm32f1xx_hal_flash.o
TimeOutForKeyPress  0xc               ./Core/Src/button.o
button_flag         0xc               ./Core/Src/button.o
ledModeData         0x4               ./Core/Src/global.o
counter             0x4               ./Core/Src/mode_control.o
redTime             0x4               ./Core/Src/global.o
htim2               0x48              ./Core/Src/main.o
greenTime           0x4               ./Core/Src/global.o

Discarded input sections

 .text          0x0000000000000000        0x0 d:/stm32/stm32cubeide_1.7.0/stm32cubeide/plugins/com.st.stm32cube.ide.mcu.externaltools.gnu-tools-for-stm32.9-2020-q2-update.win32_2.0.0.202105311346/tools/bin/../lib/gcc/arm-none-eabi/9.3.1/thumb/v7-m/nofp/crti.o
 .data          0x0000000000000000        0x0 d:/stm32/stm32cubeide_1.7.0/stm32cubeide/plugins/com.st.stm32cube.ide.mcu.externaltools.gnu-tools-for-stm32.9-2020-q2-update.win32_2.0.0.202105311346/tools/bin/../lib/gcc/arm-none-eabi/9.3.1/thumb/v7-m/nofp/crti.o
 .bss           0x0000000000000000        0x0 d:/stm32/stm32cubeide_1.7.0/stm32cubeide/plugins/com.st.stm32cube.ide.mcu.externaltools.gnu-tools-for-stm32.9-2020-q2-update.win32_2.0.0.202105311346/tools/bin/../lib/gcc/arm-none-eabi/9.3.1/thumb/v7-m/nofp/crti.o
 .data          0x0000000000000000        0x4 d:/stm32/stm32cubeide_1.7.0/stm32cubeide/plugins/com.st.stm32cube.ide.mcu.externaltools.gnu-tools-for-stm32.9-2020-q2-update.win32_2.0.0.202105311346/tools/bin/../lib/gcc/arm-none-eabi/9.3.1/thumb/v7-m/nofp/crtbegin.o
 .text          0x0000000000000000       0x7c d:/stm32/stm32cubeide_1.7.0/stm32cubeide/plugins/com.st.stm32cube.ide.mcu.externaltools.gnu-tools-for-stm32.9-2020-q2-update.win32_2.0.0.202105311346/tools/bin/../lib/gcc/arm-none-eabi/9.3.1/../../../../arm-none-eabi/lib/thumb/v7-m/nofp/crt0.o
[...]
Memory Configuration

Name             Origin             Length             Attributes
RAM              0x0000000020000000 0x0000000000002800 xrw
FLASH            0x0000000008000000 0x0000000000008000 xr
*default*        0x0000000000000000 0xffffffffffffffff

Linker script and memory map

LOAD d:/stm32/stm32cubeide_1.7.0/stm32cubeide/plugins/com.st.stm32cube.ide.mcu.externaltools.gnu-tools-for-stm32.9-2020-q2-update.win32_2.0.0.202105311346/tools/bin/../lib/gcc/arm-none-eabi/9.3.1/thumb/v7-m/nofp/crti.o
LOAD d:/stm32/stm32cubeide_1.7.0/stm32cubeide/plugins/com.st.stm32cube.ide.mcu.externaltools.gnu-tools-for-stm32.9-2020-q2-update.win32_2.0.0.202105311346/tools/bin/../lib/gcc/arm-none-eabi/9.3.1/thumb/v7-m/nofp/crtbegin.o
LOAD d:/stm32/stm32cubeide_1.7.0/stm32cubeide/plugins/com.st.stm32cube.ide.mcu.externaltools.gnu-tools-for-stm32.9-2020-q2-update.win32_2.0.0.202105311346/tools/bin/../lib/gcc/arm-none-eabi/9.3.1/../../../../arm-none-eabi/lib/thumb/v7-m/nofp/crt0.o
LOAD ./Core/Src/7seg.o
LOAD ./Core/Src/button.o
LOAD ./Core/Src/global.o
LOAD ./Core/Src/main.o
LOAD ./Core/Src/mode_control.o
LOAD ./Core/Src/scheduler.o
LOAD ./Core/Src/stm32f1xx_hal_msp.o
LOAD ./Core/Src/stm32f1xx_it.o
LOAD ./Core/Src/syscalls.o
LOAD ./Core/Src/sysmem.o
LOAD ./Core/Src/system_stm32f1xx.o
LOAD ./Core/Src/traffic_control.o
LOAD ./Core/Startup/startup_stm32f103c6ux.o
LOAD ./Drivers/STM32F1xx_HAL_Driver/Src/stm32f1xx_hal.o
LOAD ./Drivers/STM32F1xx_HAL_Driver/Src/stm32f1xx_hal_cortex.o
LOAD ./Drivers/STM32F1xx_HAL_Driver/Src/stm32f1xx_hal_dma.o
LOAD ./Drivers/STM32F1xx_HAL_Driver/Src/stm32f1xx_hal_exti.o
LOAD ./Drivers/STM32F1xx_HAL_Driver/Src/stm32f1xx_hal_flash.o
LOAD ./Drivers/STM32F1xx_HAL_Driver/Src/stm32f1xx_hal_flash_ex.o
LOAD ./Drivers/STM32F1xx_HAL_Driver/Src/stm32f1xx_hal_gpio.o
LOAD ./Drivers/STM32F1xx_HAL_Driver/Src/stm32f1xx_hal_gpio_ex.o
LOAD ./Drivers/STM32F1xx_HAL_Driver/Src/stm32f1xx_hal_pwr.o
LOAD ./Drivers/STM32F1xx_HAL_Driver/Src/stm32f1xx_hal_rcc.o
LOAD ./Drivers/STM32F1xx_HAL_Driver/Src/stm32f1xx_hal_rcc_ex.o
LOAD ./Drivers/STM32F1xx_HAL_Driver/Src/stm32f1xx_hal_tim.o
LOAD ./Drivers/STM32F1xx_HAL_Driver/Src/stm32f1xx_hal_tim_ex.o
START GROUP
LOAD d:/stm32/stm32cubeide_1.7.0/stm32cubeide/plugins/com.st.stm32cube.ide.mcu.externaltools.gnu-tools-for-stm32.9-2020-q2-update.win32_2.0.0.202105311346/tools/bin/../lib/gcc/arm-none-eabi/9.3.1/../../../../arm-none-eabi/lib/thumb/v7-m/nofp\libc_nano.a
LOAD d:/stm32/stm32cubeide_1.7.0/stm32cubeide/plugins/com.st.stm32cube.ide.mcu.externaltools.gnu-tools-for-stm32.9-2020-q2-update.win32_2.0.0.202105311346/tools/bin/../lib/gcc/arm-none-eabi/9.3.1/../../../../arm-none-eabi/lib/thumb/v7-m/nofp\libm.a
END GROUP
START GROUP
LOAD d:/stm32/stm32cubeide_1.7.0/stm32cubeide/plugins/com.st.stm32cube.ide.mcu.externaltools.gnu-tools-for-stm32.9-2020-q2-update.win32_2.0.0.202105311346/tools/bin/../lib/gcc/arm-none-eabi/9.3.1/thumb/v7-m/nofp\libgcc.a
LOAD d:/stm32/stm32cubeide_1.7.0/stm32cubeide/plugins/com.st.stm32cube.ide.mcu.externaltools.gnu-tools-for-stm32.9-2020-q2-update.win32_2.0.0.202105311346/tools/bin/../lib/gcc/arm-none-eabi/9.3.1/../../../../arm-none-eabi/lib/thumb/v7-m/nofp\libc_nano.a
END GROUP
START GROUP
LOAD d:/stm32/stm32cubeide_1.7.0/stm32cubeide/plugins/com.st.stm32cube.ide.mcu.externaltools.gnu-tools-for-stm32.9-2020-q2-update.win32_2.0.0.202105311346/tools/bin/../lib/gcc/arm-none-eabi/9.3.1/thumb/v7-m/nofp\libgcc.a
LOAD d:/stm32/stm32cubeide_1.7.0/stm32cubeide/plugins/com.st.stm32cube.ide.mcu.externaltools.gnu-tools-for-stm32.9-2020-q2-update.win32_2.0.0.202105311346/tools/bin/../lib/gcc/arm-none-eabi/9.3.1/../../../../arm-none-eabi/lib/thumb/v7-m/nofp\libc_nano.a
LOAD d:/stm32/stm32cubeide_1.7.0/stm32cubeide/plugins/com.st.stm32cube.ide.mcu.externaltools.gnu-tools-for-stm32.9-2020-q2-update.win32_2.0.0.202105311346/tools/bin/../lib/gcc/arm-none-eabi/9.3.1/../../../../arm-none-eabi/lib/thumb/v7-m/nofp\libnosys.a
END GROUP
START GROUP
LOAD d:/stm32/stm32cubeide_1.7.0/stm32cubeide/plugins/com.st.stm32cube.ide.mcu.externaltools.gnu-tools-for-stm32.9-2020-q2-update.win32_2.0.0.202105311346/tools/bin/../lib/gcc/arm-none-eabi/9.3.1/thumb/v7-m/nofp\libgcc.a
LOAD d:/stm32/stm32cubeide_1.7.0/stm32cubeide/plugins/com.st.stm32cube.ide.mcu.externaltools.gnu-tools-for-stm32.9-2020-q2-update.win32_2.0.0.202105311346/tools/bin/../lib/gcc/arm-none-eabi/9.3.1/../../../../arm-none-eabi/lib/thumb/v7-m/nofp\libc_nano.a
LOAD d:/stm32/stm32cubeide_1.7.0/stm32cubeide/plugins/com.st.stm32cube.ide.mcu.externaltools.gnu-tools-for-stm32.9-2020-q2-update.win32_2.0.0.202105311346/tools/bin/../lib/gcc/arm-none-eabi/9.3.1/../../../../arm-none-eabi/lib/thumb/v7-m/nofp\libnosys.a
END GROUP
LOAD d:/stm32/stm32cubeide_1.7.0/stm32cubeide/plugins/com.st.stm32cube.ide.mcu.externaltools.gnu-tools-for-stm32.9-2020-q2-update.win32_2.0.0.202105311346/tools/bin/../lib/gcc/arm-none-eabi/9.3.1/thumb/v7-m/nofp/crtend.o
LOAD d:/stm32/stm32cubeide_1.7.0/stm32cubeide/plugins/com.st.stm32cube.ide.mcu.externaltools.gnu-tools-for-stm32.9-2020-q2-update.win32_2.0.0.202105311346/tools/bin/../lib/gcc/arm-none-eabi/9.3.1/thumb/v7-m/nofp/crtn.o
                0x0000000020002800                _estack = (ORIGIN (RAM) + LENGTH (RAM))
                0x0000000000000200                _Min_Heap_Size = 0x200
                0x0000000000000400                _Min_Stack_Size = 0x400

.isr_vector     0x0000000008000000      0x10c
                0x0000000008000000                . = ALIGN (0x4)
 *(.isr_vector)
 .isr_vector    0x0000000008000000      0x10c ./Core/Startup/startup_stm32f103c6ux.o
                0x0000000008000000                g_pfnVectors
                0x000000000800010c                . = ALIGN (0x4)

.text           0x000000000800010c     0x2db8
                0x000000000800010c                . = ALIGN (0x4)
 *(.text)
 .text          0x000000000800010c       0x40 d:/stm32/stm32cubeide_1.7.0/stm32cubeide/plugins/com.st.stm32cube.ide.mcu.externaltools.gnu-tools-for-stm32.9-2020-q2-update.win32_2.0.0.202105311346/tools/bin/../lib/gcc/arm-none-eabi/9.3.1/thumb/v7-m/nofp/crtbegin.o
 *(.text*)
 .text.display7SEG_Mode
                0x000000000800014c      0x3a0 ./Core/Src/7seg.o
                0x000000000800014c                display7SEG_Mode
 .text.display7SEG_Value
                0x00000000080004ec      0x334 ./Core/Src/7seg.o
                0x00000000080004ec                display7SEG_Value
 .text.update7SEG_Mode
                0x0000000008000820       0x90 ./Core/Src/7seg.o
                0x0000000008000820                update7SEG_Mode
 .text.update7SEG_Value
                0x00000000080008b0       0x90 ./Core/Src/7seg.o
                0x00000000080008b0                update7SEG_Value
 .text.segRun1  0x0000000008000940       0x28 ./Core/Src/7seg.o
                0x0000000008000940                segRun1
 .text.segRun2  0x0000000008000968       0x28 ./Core/Src/7seg.o
                0x0000000008000968                segRun2
 .text.isButtonPressed
                0x0000000008000990       0x34 ./Core/Src/button.o
                0x0000000008000990                isButtonPressed
 .text.subKeyProcess
                0x00000000080009c4       0x20 ./Core/Src/button.o
                0x00000000080009c4                subKeyProcess
 .text.getKeyInput
                0x00000000080009e4      0x140 ./Core/Src/button.o
                0x00000000080009e4                getKeyInput
 .text.initValues
                0x0000000008000b24       0x44 ./Core/Src/global.o
                0x0000000008000b24                initValues
 .text.main     0x0000000008000b68       0x3c ./Core/Src/main.o
                0x0000000008000b68                main
 .text.SystemClock_Config
                0x0000000008000ba4       0x76 ./Core/Src/main.o
                0x0000000008000ba4                SystemClock_Config
 *fill*         0x0000000008000c1a        0x2 
 .text.MX_TIM2_Init
                0x0000000008000c1c       0x98 ./Core/Src/main.o
 .text.MX_GPIO_Init
                0x0000000008000cb4       0xc4 ./Core/Src/main.o
 .text.HAL_TIM_PeriodElapsedCallback
                0x0000000008000d78       0x18 ./Core/Src/main.o
                0x0000000008000d78                HAL_TIM_PeriodElapsedCallback
 .text.Error_Handler
                0x0000000008000d90        0xa ./Core/Src/main.o
                0x0000000008000d90                Error_Handler
 *fill*         0x0000000008000d9a        0x2 
 .text.modeRun  0x0000000008000d9c      0x4d4 ./Core/Src/mode_control.o
                0x0000000008000d9c                modeRun
 .text.SCH_Delete_Task
                0x0000000008001270       0x68 ./Core/Src/scheduler.o
                0x0000000008001270                SCH_Delete_Task
 .text.SCH_Init
                0x00000000080012d8       0x34 ./Core/Src/scheduler.o
                0x00000000080012d8                SCH_Init
 .text.SCH_Add_Task
                0x000000000800130c       0xac ./Core/Src/scheduler.o
                0x000000000800130c                SCH_Add_Task
 .text.SCH_Update
                0x00000000080013b8       0xc0 ./Core/Src/scheduler.o
                0x00000000080013b8                SCH_Update
 .text.SCH_Dispatch_Tasks
                0x0000000008001478       0x84 ./Core/Src/scheduler.o
                0x0000000008001478                SCH_Dispatch_Tasks
 .text.HAL_MspInit
                0x00000000080014fc       0x64 ./Core/Src/stm32f1xx_hal_msp.o
                0x00000000080014fc                HAL_MspInit
 .text.HAL_TIM_Base_MspInit
                0x0000000008001560       0x48 ./Core/Src/stm32f1xx_hal_msp.o
                0x0000000008001560                HAL_TIM_Base_MspInit
 .text.NMI_Handler
                0x00000000080015a8        0x6 ./Core/Src/stm32f1xx_it.o
                0x00000000080015a8                NMI_Handler
 .text.HardFault_Handler
                0x00000000080015ae        0x6 ./Core/Src/stm32f1xx_it.o
                0x00000000080015ae                HardFault_Handler
 .text.MemManage_Handler
                0x00000000080015b4        0x6 ./Core/Src/stm32f1xx_it.o
                0x00000000080015b4                MemManage_Handler
 .text.BusFault_Handler
                0x00000000080015ba        0x6 ./Core/Src/stm32f1xx_it.o
                0x00000000080015ba                BusFault_Handler
 .text.UsageFault_Handler
                0x00000000080015c0        0x6 ./Core/Src/stm32f1xx_it.o
                0x00000000080015c0                UsageFault_Handler
 .text.SVC_Handler
                0x00000000080015c6        0xc ./Core/Src/stm32f1xx_it.o
                0x00000000080015c6                SVC_Handler
 .text.DebugMon_Handler
                0x00000000080015d2        0xc ./Core/Src/stm32f1xx_it.o
                0x00000000080015d2                DebugMon_Handler
 .text.PendSV_Handler
                0x00000000080015de        0xc ./Core/Src/stm32f1xx_it.o
                0x00000000080015de                PendSV_Handler
 .text.SysTick_Handler
                0x00000000080015ea        0xc ./Core/Src/stm32f1xx_it.o
                0x00000000080015ea                SysTick_Handler
 *fill*         0x00000000080015f6        0x2 
 .text.TIM2_IRQHandler
                0x00000000080015f8       0x14 ./Core/Src/stm32f1xx_it.o
                0x00000000080015f8                TIM2_IRQHandler
 .text.SystemInit
                0x000000000800160c        0xc ./Core/Src/system_stm32f1xx.o
                0x000000000800160c                SystemInit
 .text.blinkingRED
                0x0000000008001618       0x44 ./Core/Src/traffic_control.o
                0x0000000008001618                blinkingRED
 .text.blinkingYELLOW
                0x000000000800165c       0x44 ./Core/Src/traffic_control.o
                0x000000000800165c                blinkingYELLOW
 .text.blinkingGREEN
                0x00000000080016a0       0x44 ./Core/Src/traffic_control.o
                0x00000000080016a0                blinkingGREEN
 .text.offAllLeds
                0x00000000080016e4       0x48 ./Core/Src/traffic_control.o
                0x00000000080016e4                offAllLeds
 .text.setRed1  0x000000000800172c       0x2c ./Core/Src/traffic_control.o
                0x000000000800172c                setRed1
 .text.setYellow1
                0x0000000008001758       0x2c ./Core/Src/traffic_control.o
                0x0000000008001758                setYellow1
 .text.setGreen1
                0x0000000008001784       0x2c ./Core/Src/traffic_control.o
                0x0000000008001784                setGreen1
 .text.setRed2  0x00000000080017b0       0x2c ./Core/Src/traffic_control.o
                0x00000000080017b0                setRed2
 .text.setYellow2
                0x00000000080017dc       0x2c ./Core/Src/traffic_control.o
                0x00000000080017dc                setYellow2
 .text.setGreen2
                0x0000000008001808       0x2c ./Core/Src/traffic_control.o
                0x0000000008001808                setGreen2
 .text.Reset_Handler
                0x0000000008001834       0x48 ./Core/Startup/startup_stm32f103c6ux.o
                0x0000000008001834                Reset_Handler
 .text.Default_Handler
                0x000000000800187c        0x2 ./Core/Startup/startup_stm32f103c6ux.o
                0x000000000800187c                RTC_Alarm_IRQHandler
                0x000000000800187c                EXTI2_IRQHandler
                0x000000000800187c                TIM1_CC_IRQHandler
                0x000000000800187c                PVD_IRQHandler
                0x000000000800187c                EXTI3_IRQHandler
                0x000000000800187c                EXTI0_IRQHandler
                0x000000000800187c                ADC1_2_IRQHandler
                0x000000000800187c                SPI1_IRQHandler
                0x000000000800187c                TAMPER_IRQHandler
                0x000000000800187c                DMA1_Channel4_IRQHandler
                0x000000000800187c                RTC_IRQHandler
                0x000000000800187c                DMA1_Channel7_IRQHandler
                0x000000000800187c                CAN1_RX1_IRQHandler
                0x000000000800187c                I2C1_EV_IRQHandler
                0x000000000800187c                DMA1_Channel6_IRQHandler
                0x000000000800187c                TIM3_IRQHandler
                0x000000000800187c                RCC_IRQHandler
                0x000000000800187c                TIM1_TRG_COM_IRQHandler
                0x000000000800187c                DMA1_Channel1_IRQHandler
                0x000000000800187c                Default_Handler
                0x000000000800187c                EXTI15_10_IRQHandler
                0x000000000800187c                EXTI9_5_IRQHandler
                0x000000000800187c                DMA1_Channel5_IRQHandler
                0x000000000800187c                EXTI4_IRQHandler
                0x000000000800187c                USB_LP_CAN1_RX0_IRQHandler
                0x000000000800187c                USB_HP_CAN1_TX_IRQHandler
                0x000000000800187c                DMA1_Channel3_IRQHandler
                0x000000000800187c                TIM1_UP_IRQHandler
                0x000000000800187c                WWDG_IRQHandler
                0x000000000800187c                TIM1_BRK_IRQHandler
                0x000000000800187c                EXTI1_IRQHandler
                0x000000000800187c                USART2_IRQHandler
                0x000000000800187c                DMA1_Channel2_IRQHandler
                0x000000000800187c                CAN1_SCE_IRQHandler
                0x000000000800187c                FLASH_IRQHandler
                0x000000000800187c                USART1_IRQHandler
                0x000000000800187c                I2C1_ER_IRQHandler
                0x000000000800187c                USBWakeUp_IRQHandler
 *fill*         0x000000000800187e        0x2 
 .text.HAL_Init
                0x0000000008001880       0x2c ./Drivers/STM32F1xx_HAL_Driver/Src/stm32f1xx_hal.o
                0x0000000008001880                HAL_Init
 .text.HAL_InitTick
                0x00000000080018ac       0x60 ./Drivers/STM32F1xx_HAL_Driver/Src/stm32f1xx_hal.o
                0x00000000080018ac                HAL_InitTick
 .text.HAL_IncTick
                0x000000000800190c       0x24 ./Drivers/STM32F1xx_HAL_Driver/Src/stm32f1xx_hal.o
                0x000000000800190c                HAL_IncTick
 .text.HAL_GetTick
                0x0000000008001930       0x14 ./Drivers/STM32F1xx_HAL_Driver/Src/stm32f1xx_hal.o
                0x0000000008001930                HAL_GetTick
 .text.__NVIC_SetPriorityGrouping
                0x0000000008001944       0x48 ./Drivers/STM32F1xx_HAL_Driver/Src/stm32f1xx_hal_cortex.o
 .text.__NVIC_GetPriorityGrouping
                0x000000000800198c       0x1c ./Drivers/STM32F1xx_HAL_Driver/Src/stm32f1xx_hal_cortex.o
 .text.__NVIC_EnableIRQ
                0x00000000080019a8       0x38 ./Drivers/STM32F1xx_HAL_Driver/Src/stm32f1xx_hal_cortex.o
 .text.__NVIC_SetPriority
                0x00000000080019e0       0x54 ./Drivers/STM32F1xx_HAL_Driver/Src/stm32f1xx_hal_cortex.o
 .text.NVIC_EncodePriority
                0x0000000008001a34       0x64 ./Drivers/STM32F1xx_HAL_Driver/Src/stm32f1xx_hal_cortex.o
 .text.SysTick_Config
                0x0000000008001a98       0x44 ./Drivers/STM32F1xx_HAL_Driver/Src/stm32f1xx_hal_cortex.o
 .text.HAL_NVIC_SetPriorityGrouping
                0x0000000008001adc       0x16 ./Drivers/STM32F1xx_HAL_Driver/Src/stm32f1xx_hal_cortex.o
                0x0000000008001adc                HAL_NVIC_SetPriorityGrouping
 .text.HAL_NVIC_SetPriority
                0x0000000008001af2       0x38 ./Drivers/STM32F1xx_HAL_Driver/Src/stm32f1xx_hal_cortex.o
                0x0000000008001af2                HAL_NVIC_SetPriority
 .text.HAL_NVIC_EnableIRQ
                0x0000000008001b2a       0x1c ./Drivers/STM32F1xx_HAL_Driver/Src/stm32f1xx_hal_cortex.o
                0x0000000008001b2a                HAL_NVIC_EnableIRQ
 .text.HAL_SYSTICK_Config
                0x0000000008001b46       0x18 ./Drivers/STM32F1xx_HAL_Driver/Src/stm32f1xx_hal_cortex.o
                0x0000000008001b46                HAL_SYSTICK_Config
 *fill*         0x0000000008001b5e        0x2 
 .text.HAL_GPIO_Init
                0x0000000008001b60      0x2f4 ./Drivers/STM32F1xx_HAL_Driver/Src/stm32f1xx_hal_gpio.o
                0x0000000008001b60                HAL_GPIO_Init
 .text.HAL_GPIO_ReadPin
                0x0000000008001e54       0x2e ./Drivers/STM32F1xx_HAL_Driver/Src/stm32f1xx_hal_gpio.o
                0x0000000008001e54                HAL_GPIO_ReadPin
 .text.HAL_GPIO_WritePin
                0x0000000008001e82       0x30 ./Drivers/STM32F1xx_HAL_Driver/Src/stm32f1xx_hal_gpio.o
                0x0000000008001e82                HAL_GPIO_WritePin
 .text.HAL_GPIO_TogglePin
                0x0000000008001eb2       0x32 ./Drivers/STM32F1xx_HAL_Driver/Src/stm32f1xx_hal_gpio.o
                0x0000000008001eb2                HAL_GPIO_TogglePin
 .text.HAL_RCC_OscConfig
                0x0000000008001ee4      0x500 ./Drivers/STM32F1xx_HAL_Driver/Src/stm32f1xx_hal_rcc.o
                0x0000000008001ee4                HAL_RCC_OscConfig
 .text.HAL_RCC_ClockConfig
                0x00000000080023e4      0x1d4 ./Drivers/STM32F1xx_HAL_Driver/Src/stm32f1xx_hal_rcc.o
                0x00000000080023e4                HAL_RCC_ClockConfig
 .text.HAL_RCC_GetSysClockFreq
                0x00000000080025b8       0xa8 ./Drivers/STM32F1xx_HAL_Driver/Src/stm32f1xx_hal_rcc.o
                0x00000000080025b8                HAL_RCC_GetSysClockFreq
 .text.RCC_Delay
                0x0000000008002660       0x3c ./Drivers/STM32F1xx_HAL_Driver/Src/stm32f1xx_hal_rcc.o
 .text.HAL_TIM_Base_Init
                0x000000000800269c       0x9e ./Drivers/STM32F1xx_HAL_Driver/Src/stm32f1xx_hal_tim.o
                0x000000000800269c                HAL_TIM_Base_Init
 *fill*         0x000000000800273a        0x2 
 .text.HAL_TIM_Base_Start_IT
                0x000000000800273c       0x98 ./Drivers/STM32F1xx_HAL_Driver/Src/stm32f1xx_hal_tim.o
                0x000000000800273c                HAL_TIM_Base_Start_IT
 .text.HAL_TIM_IRQHandler
                0x00000000080027d4      0x1e0 ./Drivers/STM32F1xx_HAL_Driver/Src/stm32f1xx_hal_tim.o
                0x00000000080027d4                HAL_TIM_IRQHandler
 .text.HAL_TIM_ConfigClockSource
                0x00000000080029b4      0x18e ./Drivers/STM32F1xx_HAL_Driver/Src/stm32f1xx_hal_tim.o
                0x00000000080029b4                HAL_TIM_ConfigClockSource
 .text.HAL_TIM_OC_DelayElapsedCallback
                0x0000000008002b42       0x12 ./Drivers/STM32F1xx_HAL_Driver/Src/stm32f1xx_hal_tim.o
                0x0000000008002b42                HAL_TIM_OC_DelayElapsedCallback
 .text.HAL_TIM_IC_CaptureCallback
                0x0000000008002b54       0x12 ./Drivers/STM32F1xx_HAL_Driver/Src/stm32f1xx_hal_tim.o
                0x0000000008002b54                HAL_TIM_IC_CaptureCallback
 .text.HAL_TIM_PWM_PulseFinishedCallback
                0x0000000008002b66       0x12 ./Drivers/STM32F1xx_HAL_Driver/Src/stm32f1xx_hal_tim.o
                0x0000000008002b66                HAL_TIM_PWM_PulseFinishedCallback
 .text.HAL_TIM_TriggerCallback
                0x0000000008002b78       0x12 ./Drivers/STM32F1xx_HAL_Driver/Src/stm32f1xx_hal_tim.o
                0x0000000008002b78                HAL_TIM_TriggerCallback
 *fill*         0x0000000008002b8a        0x2 
 .text.TIM_Base_SetConfig
                0x0000000008002b8c       0xc8 ./Drivers/STM32F1xx_HAL_Driver/Src/stm32f1xx_hal_tim.o
                0x0000000008002b8c                TIM_Base_SetConfig
 .text.TIM_TI1_ConfigInputStage
                0x0000000008002c54       0x5c ./Drivers/STM32F1xx_HAL_Driver/Src/stm32f1xx_hal_tim.o
 .text.TIM_TI2_ConfigInputStage
                0x0000000008002cb0       0x5e ./Drivers/STM32F1xx_HAL_Driver/Src/stm32f1xx_hal_tim.o
 .text.TIM_ITRx_SetConfig
                0x0000000008002d0e       0x34 ./Drivers/STM32F1xx_HAL_Driver/Src/stm32f1xx_hal_tim.o
 .text.TIM_ETR_SetConfig
                0x0000000008002d42       0x3e ./Drivers/STM32F1xx_HAL_Driver/Src/stm32f1xx_hal_tim.o
                0x0000000008002d42                TIM_ETR_SetConfig
 .text.HAL_TIMEx_MasterConfigSynchronization
                0x0000000008002d80       0xb0 ./Drivers/STM32F1xx_HAL_Driver/Src/stm32f1xx_hal_tim_ex.o
                0x0000000008002d80                HAL_TIMEx_MasterConfigSynchronization
 .text.HAL_TIMEx_CommutCallback
                0x0000000008002e30       0x12 ./Drivers/STM32F1xx_HAL_Driver/Src/stm32f1xx_hal_tim_ex.o
                0x0000000008002e30                HAL_TIMEx_CommutCallback
 .text.HAL_TIMEx_BreakCallback
                0x0000000008002e42       0x12 ./Drivers/STM32F1xx_HAL_Driver/Src/stm32f1xx_hal_tim_ex.o
                0x0000000008002e42                HAL_TIMEx_BreakCallback
 .text.__libc_init_array
                0x0000000008002e54       0x48 d:/stm32/stm32cubeide_1.7.0/stm32cubeide/plugins/com.st.stm32cube.ide.mcu.externaltools.gnu-tools-for-stm32.9-2020-q2-update.win32_2.0.0.202105311346/tools/bin/../lib/gcc/arm-none-eabi/9.3.1/../../../../arm-none-eabi/lib/thumb/v7-m/nofp\libc_nano.a(lib_a-init.o)
                0x0000000008002e54                __libc_init_array
 .text.memset   0x0000000008002e9c       0x10 d:/stm32/stm32cubeide_1.7.0/stm32cubeide/plugins/com.st.stm32cube.ide.mcu.externaltools.gnu-tools-for-stm32.9-2020-q2-update.win32_2.0.0.202105311346/tools/bin/../lib/gcc/arm-none-eabi/9.3.1/../../../../arm-none-eabi/lib/thumb/v7-m/nofp\libc_nano.a(lib_a-memset.o)
                0x0000000008002e9c                memset
 *(.glue_7)
 .glue_7        0x0000000008002eac        0x0 linker stubs
 *(.glue_7t)
 .glue_7t       0x0000000008002eac        0x0 linker stubs
 *(.eh_frame)
 .eh_frame      0x0000000008002eac        0x0 d:/stm32/stm32cubeide_1.7.0/stm32cubeide/plugins/com.st.stm32cube.ide.mcu.externaltools.gnu-tools-for-stm32.9-2020-q2-update.win32_2.0.0.202105311346/tools/bin/../lib/gcc/arm-none-eabi/9.3.1/thumb/v7-m/nofp/crtbegin.o
 *(.init)
 .init          0x0000000008002eac        0x4 d:/stm32/stm32cubeide_1.7.0/stm32cubeide/plugins/com.st.stm32cube.ide.mcu.externaltools.gnu-tools-for-stm32.9-2020-q2-update.win32_2.0.0.202105311346/tools/bin/../lib/gcc/arm-none-eabi/9.3.1/thumb/v7-m/nofp/crti.o
                0x0000000008002eac                _init
 .init          0x0000000008002eb0        0x8 d:/stm32/stm32cubeide_1.7.0/stm32cubeide/plugins/com.st.stm32cube.ide.mcu.externaltools.gnu-tools-for-stm32.9-2020-q2-update.win32_2.0.0.202105311346/tools/bin/../lib/gcc/arm-none-eabi/9.3.1/thumb/v7-m/nofp/crtn.o
 *(.fini)
 .fini          0x0000000008002eb8        0x4 d:/stm32/stm32cubeide_1.7.0/stm32cubeide/plugins/com.st.stm32cube.ide.mcu.externaltools.gnu-tools-for-stm32.9-2020-q2-update.win32_2.0.0.202105311346/tools/bin/../lib/gcc/arm-none-eabi/9.3.1/thumb/v7-m/nofp/crti.o
                0x0000000008002eb8                _fini
 .fini          0x0000000008002ebc        0x8 d:/stm32/stm32cubeide_1.7.0/stm32cubeide/plugins/com.st.stm32cube.ide.mcu.externaltools.gnu-tools-for-stm32.9-2020-q2-update.win32_2.0.0.202105311346/tools/bin/../lib/gcc/arm-none-eabi/9.3.1/thumb/v7-m/nofp/crtn.o
                0x0000000008002ec4                . = ALIGN (0x4)
                0x0000000008002ec4                _etext = .

.vfp11_veneer   0x0000000008002ec4        0x0
 .vfp11_veneer  0x0000000008002ec4        0x0 linker stubs

.v4_bx          0x0000000008002ec4        0x0
 .v4_bx         0x0000000008002ec4        0x0 linker stubs

.iplt           0x0000000008002ec4        0x0
 .iplt          0x0000000008002ec4        0x0 d:/stm32/stm32cubeide_1.7.0/stm32cubeide/plugins/com.st.stm32cube.ide.mcu.externaltools.gnu-tools-for-stm32.9-2020-q2-update.win32_2.0.0.202105311346/tools/bin/../lib/gcc/arm-none-eabi/9.3.1/thumb/v7-m/nofp/crtbegin.o

.rodata         0x0000000008002ec4       0x24
                0x0000000008002ec4                . = ALIGN (0x4)
 *(.rodata)
 *(.rodata*)
 .rodata.AHBPrescTable
                0x0000000008002ec4       0x10 ./Core/Src/system_stm32f1xx.o
                0x0000000008002ec4                AHBPrescTable
 .rodata.aPLLMULFactorTable.6032
                0x0000000008002ed4       0x10 ./Drivers/STM32F1xx_HAL_Driver/Src/stm32f1xx_hal_rcc.o
 .rodata.aPredivFactorTable.6033
                0x0000000008002ee4        0x2 ./Drivers/STM32F1xx_HAL_Driver/Src/stm32f1xx_hal_rcc.o
                0x0000000008002ee8                . = ALIGN (0x4)
 *fill*         0x0000000008002ee6        0x2 

.rel.dyn        0x0000000008002ee8        0x0
 .rel.iplt      0x0000000008002ee8        0x0 d:/stm32/stm32cubeide_1.7.0/stm32cubeide/plugins/com.st.stm32cube.ide.mcu.externaltools.gnu-tools-for-stm32.9-2020-q2-update.win32_2.0.0.202105311346/tools/bin/../lib/gcc/arm-none-eabi/9.3.1/thumb/v7-m/nofp/crtbegin.o

.ARM.extab      0x0000000008002ee8        0x0
                0x0000000008002ee8                . = ALIGN (0x4)
 *(.ARM.extab* .gnu.linkonce.armextab.*)
                0x0000000008002ee8                . = ALIGN (0x4)

.ARM            0x0000000008002ee8        0x0
                0x0000000008002ee8                . = ALIGN (0x4)
                0x0000000008002ee8                __exidx_start = .
 *(.ARM.exidx*)
                0x0000000008002ee8                __exidx_end = .
                0x0000000008002ee8                . = ALIGN (0x4)

.preinit_array  0x0000000008002ee8        0x0
                0x0000000008002ee8                . = ALIGN (0x4)
                0x0000000008002ee8                PROVIDE (__preinit_array_start = .)
 *(.preinit_array*)
                0x0000000008002ee8                PROVIDE (__preinit_array_end = .)
                0x0000000008002ee8                . = ALIGN (0x4)

.init_array     0x0000000008002ee8        0x4
                0x0000000008002ee8                . = ALIGN (0x4)
                0x0000000008002ee8                PROVIDE (__init_array_start = .)
 *(SORT_BY_NAME(.init_array.*))
 *(.init_array*)
 .init_array    0x0000000008002ee8        0x4 d:/stm32/stm32cubeide_1.7.0/stm32cubeide/plugins/com.st.stm32cube.ide.mcu.externaltools.gnu-tools-for-stm32.9-2020-q2-update.win32_2.0.0.202105311346/tools/bin/../lib/gcc/arm-none-eabi/9.3.1/thumb/v7-m/nofp/crtbegin.o
                0x0000000008002eec                PROVIDE (__init_array_end = .)
                0x0000000008002eec                . = ALIGN (0x4)

.fini_array     0x0000000008002eec        0x4
                0x0000000008002eec                . = ALIGN (0x4)
                [!provide]                        PROVIDE (__fini_array_start = .)
 *(SORT_BY_NAME(.fini_array.*))
 *(.fini_array*)
 .fini_array    0x0000000008002eec        0x4 d:/stm32/stm32cubeide_1.7.0/stm32cubeide/plugins/com.st.stm32cube.ide.mcu.externaltools.gnu-tools-for-stm32.9-2020-q2-update.win32_2.0.0.202105311346/tools/bin/../lib/gcc/arm-none-eabi/9.3.1/thumb/v7-m/nofp/crtbegin.o
                [!provide]                        PROVIDE (__fini_array_end = .)
                0x0000000008002ef0                . = ALIGN (0x4)
                0x0000000008002ef0                _sidata = LOADADDR (.data)

.data           0x0000000020000000       0x40 load address 0x0000000008002ef0
                0x0000000020000000                . = ALIGN (0x4)
                0x0000000020000000                _sdata = .
 *(.data)
 *(.data*)
 .data.buttonBuffer
                0x0000000020000000        0xc ./Core/Src/button.o
 .data.debounceButtonBuffer1
                0x000000002000000c        0xc ./Core/Src/button.o
 .data.debounceButtonBuffer2
                0x0000000020000018        0xc ./Core/Src/button.o
 .data.longPressButtonBuffer
                0x0000000020000024        0xc ./Core/Src/button.o
 .data.state    0x0000000020000030        0x4 ./Core/Src/global.o
                0x0000000020000030                state
 .data.SystemCoreClock
                0x0000000020000034        0x4 ./Core/Src/system_stm32f1xx.o
                0x0000000020000034                SystemCoreClock
 .data.uwTickPrio
                0x0000000020000038        0x4 ./Drivers/STM32F1xx_HAL_Driver/Src/stm32f1xx_hal.o
                0x0000000020000038                uwTickPrio
 .data.uwTickFreq
                0x000000002000003c        0x1 ./Drivers/STM32F1xx_HAL_Driver/Src/stm32f1xx_hal.o
                0x000000002000003c                uwTickFreq
 *(.RamFunc)
 *(.RamFunc*)
                0x0000000020000040                . = ALIGN (0x4)
 *fill*         0x000000002000003d        0x3 
                0x0000000020000040                _edata = .

.igot.plt       0x0000000020000040        0x0 load address 0x0000000008002f30
 .igot.plt      0x0000000020000040        0x0 d:/stm32/stm32cubeide_1.7.0/stm32cubeide/plugins/com.st.stm32cube.ide.mcu.externaltools.gnu-tools-for-stm32.9-2020-q2-update.win32_2.0.0.202105311346/tools/bin/../lib/gcc/arm-none-eabi/9.3.1/thumb/v7-m/nofp/crtbegin.o
                0x0000000020000040                . = ALIGN (0x4)

.bss            0x0000000020000040      0x3c4 load address 0x0000000008002f30
                0x0000000020000040                _sbss = .
                0x0000000020000040                __bss_start__ = _sbss
 *(.bss)
 .bss           0x0000000020000040       0x1c d:/stm32/stm32cubeide_1.7.0/stm32cubeide/plugins/com.st.stm32cube.ide.mcu.externaltools.gnu-tools-for-stm32.9-2020-q2-update.win32_2.0.0.202105311346/tools/bin/../lib/gcc/arm-none-eabi/9.3.1/thumb/v7-m/nofp/crtbegin.o
 *(.bss*)
 .bss.mode      0x000000002000005c        0x4 ./Core/Src/global.o
                0x000000002000005c                mode
 .bss.current_index_task
                0x0000000020000060        0x1 ./Core/Src/scheduler.o
                0x0000000020000060                current_index_task
 *(COMMON)
 *fill*         0x0000000020000061        0x3 
 COMMON         0x0000000020000064       0x18 ./Core/Src/button.o
                0x0000000020000064                TimeOutForKeyPress
                0x0000000020000070                button_flag
 COMMON         0x000000002000007c       0x14 ./Core/Src/global.o
                0x000000002000007c                ledValueData
                0x0000000020000080                yellowTime
                0x0000000020000084                ledModeData
                0x0000000020000088                redTime
                0x000000002000008c                greenTime
 COMMON         0x0000000020000090      0x368 ./Core/Src/main.o
                0x0000000020000090                SCH_tasks_G
                0x00000000200003b0                htim2
 COMMON         0x00000000200003f8        0x8 ./Core/Src/mode_control.o
                0x00000000200003f8                temp
                0x00000000200003fc                counter
 COMMON         0x0000000020000400        0x4 ./Drivers/STM32F1xx_HAL_Driver/Src/stm32f1xx_hal.o
                0x0000000020000400                uwTick
                0x0000000020000404                . = ALIGN (0x4)
                0x0000000020000404                _ebss = .
                0x0000000020000404                __bss_end__ = _ebss

._user_heap_stack
                0x0000000020000404      0x604 load address 0x0000000008002f30
                0x0000000020000408                . = ALIGN (0x8)
 *fill*         0x0000000020000404        0x4 
                [!provide]                        PROVIDE (end = .)
                0x0000000020000408                PROVIDE (_end = .)
                0x0000000020000608                . = (. + _Min_Heap_Size)
 *fill*         0x0000000020000408      0x200 
                0x0000000020000a08                . = (. + _Min_Stack_Size)
 *fill*         0x0000000020000608      0x400 
                0x0000000020000a08                . = ALIGN (0x8)

/DISCARD/
 libc.a(*)
 libm.a(*)
 libgcc.a(*)

.ARM.attributes
                0x0000000000000000       0x29
 *(.ARM.attributes)
 .ARM.attributes
                0x0000000000000000       0x1d d:/stm32/stm32cubeide_1.7.0/stm32cubeide/plugins/com.st.stm32cube.ide.mcu.externaltools.gnu-tools-for-stm32.9-2020-q2-update.win32_2.0.0.202105311346/tools/bin/../lib/gcc/arm-none-eabi/9.3.1/thumb/v7-m/nofp/crti.o
 .ARM.attributes
                0x000000000000001d       0x2d d:/stm32/stm32cubeide_1.7.0/stm32cubeide/plugins/com.st.stm32cube.ide.mcu.externaltools.gnu-tools-for-stm32.9-2020-q2-update.win32_2.0.0.202105311346/tools/bin/../lib/gcc/arm-none-eabi/9.3.1/thumb/v7-m/nofp/crtbegin.o
 .ARM.attributes
                0x000000000000004a       0x2d ./Core/Src/7seg.o
 .ARM.attributes
                0x0000000000000077       0x2d ./Core/Src/button.o
 .ARM.attributes
                0x00000000000000a4       0x2d ./Core/Src/global.o
 .ARM.attributes
                0x00000000000000d1       0x2d ./Core/Src/main.o
 .ARM.attributes
                0x00000000000000fe       0x2d ./Core/Src/mode_control.o
 .ARM.attributes
                0x000000000000012b       0x2d ./Core/Src/scheduler.o
 .ARM.attributes
                0x0000000000000158       0x2d ./Core/Src/stm32f1xx_hal_msp.o
 .ARM.attributes
                0x0000000000000185       0x2d ./Core/Src/stm32f1xx_it.o
 .ARM.attributes
                0x00000000000001b2       0x2d ./Core/Src/system_stm32f1xx.o
 .ARM.attributes
                0x00000000000001df       0x2d ./Core/Src/traffic_control.o
 .ARM.attributes
                0x000000000000020c       0x21 ./Core/Startup/startup_stm32f103c6ux.o
 .ARM.attributes
                0x000000000000022d       0x2d ./Drivers/STM32F1xx_HAL_Driver/Src/stm32f1xx_hal.o
 .ARM.attributes
                0x000000000000025a       0x2d ./Drivers/STM32F1xx_HAL_Driver/Src/stm32f1xx_hal_cortex.o
 .ARM.attributes
                0x0000000000000287       0x2d ./Drivers/STM32F1xx_HAL_Driver/Src/stm32f1xx_hal_gpio.o
 .ARM.attributes
                0x00000000000002b4       0x2d ./Drivers/STM32F1xx_HAL_Driver/Src/stm32f1xx_hal_rcc.o
 .ARM.attributes
                0x00000000000002e1       0x2d ./Drivers/STM32F1xx_HAL_Driver/Src/stm32f1xx_hal_tim.o
 .ARM.attributes
                0x000000000000030e       0x2d ./Drivers/STM32F1xx_HAL_Driver/Src/stm32f1xx_hal_tim_ex.o
 .ARM.attributes
                0x000000000000033b       0x2d d:/stm32/stm32cubeide_1.7.0/stm32cubeide/plugins/com.st.stm32cube.ide.mcu.externaltools.gnu-tools-for-stm32.9-2020-q2-update.win32_2.0.0.202105311346/tools/bin/../lib/gcc/arm-none-eabi/9.3.1/../../../../arm-none-eabi/lib/thumb/v7-m/nofp\libc_nano.a(lib_a-init.o)
 .ARM.attributes
                0x0000000000000368       0x2d d:/stm32/stm32cubeide_1.7.0/stm32cubeide/plugins/com.st.stm32cube.ide.mcu.externaltools.gnu-tools-for-stm32.9-2020-q2-update.win32_2.0.0.202105311346/tools/bin/../lib/gcc/arm-none-eabi/9.3.1/../../../../arm-none-eabi/lib/thumb/v7-m/nofp\libc_nano.a(lib_a-memset.o)
 .ARM.attributes
                0x0000000000000395       0x1d d:/stm32/stm32cubeide_1.7.0/stm32cubeide/plugins/com.st.stm32cube.ide.mcu.externaltools.gnu-tools-for-stm32.9-2020-q2-update.win32_2.0.0.202105311346/tools/bin/../lib/gcc/arm-none-eabi/9.3.1/thumb/v7-m/nofp/crtn.o
OUTPUT(Lab4.elf elf32-littlearm)
LOAD linker stubs
LOAD d:/stm32/stm32cubeide_1.7.0/stm32cubeide/plugins/com.st.stm32cube.ide.mcu.externaltools.gnu-tools-for-stm32.9-2020-q2-update.win32_2.0.0.202105311346/tools/bin/../lib/gcc/arm-none-eabi/9.3.1/../../../../arm-none-eabi/lib/thumb/v7-m/nofp\libc.a
LOAD d:/stm32/stm32cubeide_1.7.0/stm32cubeide/plugins/com.st.stm32cube.ide.mcu.externaltools.gnu-tools-for-stm32.9-2020-q2-update.win32_2.0.0.202105311346/tools/bin/../lib/gcc/arm-none-eabi/9.3.1/../../../../arm-none-eabi/lib/thumb/v7-m/nofp\libm.a
LOAD d:/stm32/stm32cubeide_1.7.0/stm32cubeide/plugins/com.st.stm32cube.ide.mcu.externaltools.gnu-tools-for-stm32.9-2020-q2-update.win32_2.0.0.202105311346/tools/bin/../lib/gcc/arm-none-eabi/9.3.1/thumb/v7-m/nofp\libgcc.a

.debug_info     0x0000000000000000     0x9866
 .debug_info    0x0000000000000000      0x38b ./Core/Src/7seg.o
 .debug_info    0x000000000000038b      0x3c5 ./Core/Src/button.o
 .debug_info    0x0000000000000750      0x28e ./Core/Src/global.o
 .debug_info    0x00000000000009de      0xca8 ./Core/Src/main.o
 .debug_info    0x0000000000001686      0x24f ./Core/Src/mode_control.o
 .debug_info    0x00000000000018d5      0x325 ./Core/Src/scheduler.o
 .debug_info    0x0000000000001bfa      0xa09 ./Core/Src/stm32f1xx_hal_msp.o
 .debug_info    0x0000000000002603      0x7b9 ./Core/Src/stm32f1xx_it.o
 .debug_info    0x0000000000002dbc      0x2be ./Core/Src/system_stm32f1xx.o
 .debug_info    0x000000000000307a      0x37b ./Core/Src/traffic_control.o
 .debug_info    0x00000000000033f5       0x22 ./Core/Startup/startup_stm32f103c6ux.o
 .debug_info    0x0000000000003417      0x74c ./Drivers/STM32F1xx_HAL_Driver/Src/stm32f1xx_hal.o
 .debug_info    0x0000000000003b63      0xbbe ./Drivers/STM32F1xx_HAL_Driver/Src/stm32f1xx_hal_cortex.o
 .debug_info    0x0000000000004721      0x701 ./Drivers/STM32F1xx_HAL_Driver/Src/stm32f1xx_hal_gpio.o
 .debug_info    0x0000000000004e22      0x893 ./Drivers/STM32F1xx_HAL_Driver/Src/stm32f1xx_hal_rcc.o
 .debug_info    0x00000000000056b5     0x2c32 ./Drivers/STM32F1xx_HAL_Driver/Src/stm32f1xx_hal_tim.o
 .debug_info    0x00000000000082e7     0x157f ./Drivers/STM32F1xx_HAL_Driver/Src/stm32f1xx_hal_tim_ex.o

.debug_abbrev   0x0000000000000000     0x1c1f
 .debug_abbrev  0x0000000000000000      0x146 ./Core/Src/7seg.o
 .debug_abbrev  0x0000000000000146      0x1b1 ./Core/Src/button.o
 .debug_abbrev  0x00000000000002f7       0xd8 ./Core/Src/global.o
 .debug_abbrev  0x00000000000003cf      0x233 ./Core/Src/main.o
 .debug_abbrev  0x0000000000000602       0xe6 ./Core/Src/mode_control.o
 .debug_abbrev  0x00000000000006e8      0x18c ./Core/Src/scheduler.o
 .debug_abbrev  0x0000000000000874      0x1b7 ./Core/Src/stm32f1xx_hal_msp.o
 .debug_abbrev  0x0000000000000a2b      0x176 ./Core/Src/stm32f1xx_it.o
 .debug_abbrev  0x0000000000000ba1      0x14e ./Core/Src/system_stm32f1xx.o
 .debug_abbrev  0x0000000000000cef       0xff ./Core/Src/traffic_control.o
 .debug_abbrev  0x0000000000000dee       0x12 ./Core/Startup/startup_stm32f103c6ux.o
 .debug_abbrev  0x0000000000000e00      0x1ed ./Drivers/STM32F1xx_HAL_Driver/Src/stm32f1xx_hal.o
 .debug_abbrev  0x0000000000000fed      0x313 ./Drivers/STM32F1xx_HAL_Driver/Src/stm32f1xx_hal_cortex.o
 .debug_abbrev  0x0000000000001300      0x1e8 ./Drivers/STM32F1xx_HAL_Driver/Src/stm32f1xx_hal_gpio.o
 .debug_abbrev  0x00000000000014e8      0x273 ./Drivers/STM32F1xx_HAL_Driver/Src/stm32f1xx_hal_rcc.o
 .debug_abbrev  0x000000000000175b      0x25e ./Drivers/STM32F1xx_HAL_Driver/Src/stm32f1xx_hal_tim.o
 .debug_abbrev  0x00000000000019b9      0x266 ./Drivers/STM32F1xx_HAL_Driver/Src/stm32f1xx_hal_tim_ex.o

.debug_aranges  0x0000000000000000      0xaa0
 .debug_aranges
                0x0000000000000000       0x48 ./Core/Src/7seg.o
 .debug_aranges
                0x0000000000000048       0x38 ./Core/Src/button.o
 .debug_aranges
                0x0000000000000080       0x20 ./Core/Src/global.o
 .debug_aranges
                0x00000000000000a0       0x48 ./Core/Src/main.o
 .debug_aranges
                0x00000000000000e8       0x20 ./Core/Src/mode_control.o
 .debug_aranges
                0x0000000000000108       0x40 ./Core/Src/scheduler.o
 .debug_aranges
                0x0000000000000148       0x30 ./Core/Src/stm32f1xx_hal_msp.o
 .debug_aranges
                0x0000000000000178       0x68 ./Core/Src/stm32f1xx_it.o
 .debug_aranges
                0x00000000000001e0       0x28 ./Core/Src/system_stm32f1xx.o
 .debug_aranges
                0x0000000000000208       0x70 ./Core/Src/traffic_control.o
 .debug_aranges
                0x0000000000000278       0x28 ./Core/Startup/startup_stm32f103c6ux.o
 .debug_aranges
                0x00000000000002a0       0xe0 ./Drivers/STM32F1xx_HAL_Driver/Src/stm32f1xx_hal.o
 .debug_aranges
                0x0000000000000380      0x100 ./Drivers/STM32F1xx_HAL_Driver/Src/stm32f1xx_hal_cortex.o
 .debug_aranges
                0x0000000000000480       0x58 ./Drivers/STM32F1xx_HAL_Driver/Src/stm32f1xx_hal_gpio.o
 .debug_aranges
                0x00000000000004d8       0x90 ./Drivers/STM32F1xx_HAL_Driver/Src/stm32f1xx_hal_rcc.o
 .debug_aranges
                0x0000000000000568      0x3d0 ./Drivers/STM32F1xx_HAL_Driver/Src/stm32f1xx_hal_tim.o
 .debug_aranges
                0x0000000000000938      0x168 ./Drivers/STM32F1xx_HAL_Driver/Src/stm32f1xx_hal_tim_ex.o

.debug_ranges   0x0000000000000000      0x998
 .debug_ranges  0x0000000000000000       0x38 ./Core/Src/7seg.o
 .debug_ranges  0x0000000000000038       0x28 ./Core/Src/button.o
 .debug_ranges  0x0000000000000060       0x10 ./Core/Src/global.o
 .debug_ranges  0x0000000000000070       0x38 ./Core/Src/main.o
 .debug_ranges  0x00000000000000a8       0x10 ./Core/Src/mode_control.o
 .debug_ranges  0x00000000000000b8       0x30 ./Core/Src/scheduler.o
 .debug_ranges  0x00000000000000e8       0x20 ./Core/Src/stm32f1xx_hal_msp.o
 .debug_ranges  0x0000000000000108       0x58 ./Core/Src/stm32f1xx_it.o
 .debug_ranges  0x0000000000000160       0x18 ./Core/Src/system_stm32f1xx.o
 .debug_ranges  0x0000000000000178       0x60 ./Core/Src/traffic_control.o
 .debug_ranges  0x00000000000001d8       0x20 ./Core/Startup/startup_stm32f103c6ux.o
 .debug_ranges  0x00000000000001f8       0xd0 ./Drivers/STM32F1xx_HAL_Driver/Src/stm32f1xx_hal.o
 .debug_ranges  0x00000000000002c8       0xf0 ./Drivers/STM32F1xx_HAL_Driver/Src/stm32f1xx_hal_cortex.o
 .debug_ranges  0x00000000000003b8       0x48 ./Drivers/STM32F1xx_HAL_Driver/Src/stm32f1xx_hal_gpio.o
 .debug_ranges  0x0000000000000400       0x80 ./Drivers/STM32F1xx_HAL_Driver/Src/stm32f1xx_hal_rcc.o
 .debug_ranges  0x0000000000000480      0x3c0 ./Drivers/STM32F1xx_HAL_Driver/Src/stm32f1xx_hal_tim.o
 .debug_ranges  0x0000000000000840      0x158 ./Drivers/STM32F1xx_HAL_Driver/Src/stm32f1xx_hal_tim_ex.o

.debug_macro    0x0000000000000000    0x16ff4
 .debug_macro   0x0000000000000000      0x1e8 ./Core/Src/7seg.o
 .debug_macro   0x00000000000001e8      0xa9c ./Core/Src/7seg.o
 .debug_macro   0x0000000000000c84      0x215 ./Core/Src/7seg.o
 .debug_macro   0x0000000000000e99       0x2e ./Core/Src/7seg.o
 .debug_macro   0x0000000000000ec7       0x22 ./Core/Src/7seg.o
 .debug_macro   0x0000000000000ee9       0x22 ./Core/Src/7seg.o
 .debug_macro   0x0000000000000f0b       0x8e ./Core/Src/7seg.o
 .debug_macro   0x0000000000000f99       0x51 ./Core/Src/7seg.o
 .debug_macro   0x0000000000000fea      0x103 ./Core/Src/7seg.o
 .debug_macro   0x00000000000010ed       0x6a ./Core/Src/7seg.o
 .debug_macro   0x0000000000001157      0x1df ./Core/Src/7seg.o
 .debug_macro   0x0000000000001336       0x1c ./Core/Src/7seg.o
 .debug_macro   0x0000000000001352       0x22 ./Core/Src/7seg.o
 .debug_macro   0x0000000000001374       0xc3 ./Core/Src/7seg.o
 .debug_macro   0x0000000000001437      0xd23 ./Core/Src/7seg.o
 .debug_macro   0x000000000000215a     0xde75 ./Core/Src/7seg.o
 .debug_macro   0x000000000000ffcf       0x6d ./Core/Src/7seg.o
 .debug_macro   0x000000000001003c     0x34a2 ./Core/Src/7seg.o
 .debug_macro   0x00000000000134de      0x174 ./Core/Src/7seg.o
 .debug_macro   0x0000000000013652       0x5c ./Core/Src/7seg.o
 .debug_macro   0x00000000000136ae      0x5bc ./Core/Src/7seg.o
 .debug_macro   0x0000000000013c6a      0x1b7 ./Core/Src/7seg.o
 .debug_macro   0x0000000000013e21      0x1cb ./Core/Src/7seg.o
 .debug_macro   0x0000000000013fec      0x114 ./Core/Src/7seg.o
 .debug_macro   0x0000000000014100      0x1b2 ./Core/Src/7seg.o
 .debug_macro   0x00000000000142b2       0x27 ./Core/Src/7seg.o
 .debug_macro   0x00000000000142d9      0x12f ./Core/Src/7seg.o
 .debug_macro   0x0000000000014408      0x1bc ./Core/Src/7seg.o
 .debug_macro   0x00000000000145c4       0x34 ./Core/Src/7seg.o
 .debug_macro   0x00000000000145f8       0x3c ./Core/Src/7seg.o
 .debug_macro   0x0000000000014634       0x57 ./Core/Src/7seg.o
 .debug_macro   0x000000000001468b       0x87 ./Core/Src/7seg.o
 .debug_macro   0x0000000000014712      0x183 ./Core/Src/7seg.o
 .debug_macro   0x0000000000014895      0x140 ./Core/Src/7seg.o
 .debug_macro   0x00000000000149d5      0x8ed ./Core/Src/7seg.o
 .debug_macro   0x00000000000152c2       0x69 ./Core/Src/7seg.o
 .debug_macro   0x000000000001532b      0x148 ./Core/Src/7seg.o
 .debug_macro   0x0000000000015473       0x2e ./Core/Src/7seg.o
 .debug_macro   0x00000000000154a1       0x16 ./Core/Src/7seg.o
 .debug_macro   0x00000000000154b7       0x28 ./Core/Src/7seg.o
 .debug_macro   0x00000000000154df       0x58 ./Core/Src/7seg.o
 .debug_macro   0x0000000000015537      0x1ee ./Core/Src/button.o
 .debug_macro   0x0000000000015725       0x10 ./Core/Src/button.o
 .debug_macro   0x0000000000015735      0x1e4 ./Core/Src/global.o
 .debug_macro   0x0000000000015919      0x1ff ./Core/Src/main.o
 .debug_macro   0x0000000000015b18       0x16 ./Core/Src/main.o
 .debug_macro   0x0000000000015b2e       0x22 ./Core/Src/main.o
 .debug_macro   0x0000000000015b50      0x1ee ./Core/Src/mode_control.o
 .debug_macro   0x0000000000015d3e      0x1af ./Core/Src/scheduler.o
 .debug_macro   0x0000000000015eed      0x1a6 ./Core/Src/stm32f1xx_hal_msp.o
 .debug_macro   0x0000000000016093      0x1b0 ./Core/Src/stm32f1xx_it.o
 .debug_macro   0x0000000000016243      0x197 ./Core/Src/system_stm32f1xx.o
 .debug_macro   0x00000000000163da      0x1ee ./Core/Src/traffic_control.o
 .debug_macro   0x00000000000165c8      0x1bb ./Drivers/STM32F1xx_HAL_Driver/Src/stm32f1xx_hal.o
 .debug_macro   0x0000000000016783      0x197 ./Drivers/STM32F1xx_HAL_Driver/Src/stm32f1xx_hal_cortex.o
 .debug_macro   0x000000000001691a      0x202 ./Drivers/STM32F1xx_HAL_Driver/Src/stm32f1xx_hal_gpio.o
 .debug_macro   0x0000000000016b1c      0x1a9 ./Drivers/STM32F1xx_HAL_Driver/Src/stm32f1xx_hal_rcc.o
 .debug_macro   0x0000000000016cc5      0x198 ./Drivers/STM32F1xx_HAL_Driver/Src/stm32f1xx_hal_tim.o
 .debug_macro   0x0000000000016e5d      0x197 ./Drivers/STM32F1xx_HAL_Driver/Src/stm32f1xx_hal_tim_ex.o

.debug_line     0x0000000000000000     0xc26c
 .debug_line    0x0000000000000000      0x82b ./Core/Src/7seg.o
 .debug_line    0x000000000000082b      0x79c ./Core/Src/button.o
 .debug_line    0x0000000000000fc7      0x6b9 ./Core/Src/global.o
 .debug_line    0x0000000000001680      0x7e1 ./Core/Src/main.o
 .debug_line    0x0000000000001e61      0x8d5 ./Core/Src/mode_control.o
 .debug_line    0x0000000000002736      0x781 ./Core/Src/scheduler.o
 .debug_line    0x0000000000002eb7      0x6ad ./Core/Src/stm32f1xx_hal_msp.o
 .debug_line    0x0000000000003564      0x74b ./Core/Src/stm32f1xx_it.o
 .debug_line    0x0000000000003caf      0x6ef ./Core/Src/system_stm32f1xx.o
 .debug_line    0x000000000000439e      0x7c2 ./Core/Src/traffic_control.o
 .debug_line    0x0000000000004b60       0x86 ./Core/Startup/startup_stm32f103c6ux.o
 .debug_line    0x0000000000004be6      0x91c ./Drivers/STM32F1xx_HAL_Driver/Src/stm32f1xx_hal.o
 .debug_line    0x0000000000005502      0xb04 ./Drivers/STM32F1xx_HAL_Driver/Src/stm32f1xx_hal_cortex.o
 .debug_line    0x0000000000006006      0x99f ./Drivers/STM32F1xx_HAL_Driver/Src/stm32f1xx_hal_gpio.o
 .debug_line    0x00000000000069a5      0xd28 ./Drivers/STM32F1xx_HAL_Driver/Src/stm32f1xx_hal_rcc.o
 .debug_line    0x00000000000076cd     0x336d ./Drivers/STM32F1xx_HAL_Driver/Src/stm32f1xx_hal_tim.o
 .debug_line    0x000000000000aa3a     0x1832 ./Drivers/STM32F1xx_HAL_Driver/Src/stm32f1xx_hal_tim_ex.o

.debug_str      0x0000000000000000    0x8271d
 .debug_str     0x0000000000000000    0x7fb5f ./Core/Src/7seg.o
                                      0x7fea2 (size before relaxing)
 .debug_str     0x000000000007fb5f       0xb1 ./Core/Src/button.o
                                      0x7fee7 (size before relaxing)
 .debug_str     0x000000000007fc10       0x20 ./Core/Src/global.o
                                      0x7fe26 (size before relaxing)
 .debug_str     0x000000000007fc30      0x763 ./Core/Src/main.o
                                      0x80643 (size before relaxing)
 .debug_str     0x0000000000080393       0x31 ./Core/Src/mode_control.o
                                      0x7fe30 (size before relaxing)
 .debug_str     0x00000000000803c4       0x83 ./Core/Src/scheduler.o
                                      0x7fcc7 (size before relaxing)
 .debug_str     0x0000000000080447      0x2ba ./Core/Src/stm32f1xx_hal_msp.o
                                      0x803ed (size before relaxing)
 .debug_str     0x0000000000080701       0xcd ./Core/Src/stm32f1xx_it.o
                                      0x8014f (size before relaxing)
 .debug_str     0x00000000000807ce       0x52 ./Core/Src/system_stm32f1xx.o
                                      0x7f756 (size before relaxing)
 .debug_str     0x0000000000080820       0x89 ./Core/Src/traffic_control.o
                                      0x7fec7 (size before relaxing)
 .debug_str     0x00000000000808a9       0x36 ./Core/Startup/startup_stm32f103c6ux.o
                                         0x4a (size before relaxing)
 .debug_str     0x00000000000808df      0x304 ./Drivers/STM32F1xx_HAL_Driver/Src/stm32f1xx_hal.o
                                      0x7fdad (size before relaxing)
 .debug_str     0x0000000000080be3      0x300 ./Drivers/STM32F1xx_HAL_Driver/Src/stm32f1xx_hal_cortex.o
                                      0x7fdb5 (size before relaxing)
 .debug_str     0x0000000000080ee3      0x31f ./Drivers/STM32F1xx_HAL_Driver/Src/stm32f1xx_hal_gpio.o
                                      0x7fb1a (size before relaxing)
 .debug_str     0x0000000000081202      0x24f ./Drivers/STM32F1xx_HAL_Driver/Src/stm32f1xx_hal_rcc.o
                                      0x7fb53 (size before relaxing)
 .debug_str     0x0000000000081451      0xdde ./Drivers/STM32F1xx_HAL_Driver/Src/stm32f1xx_hal_tim.o
                                      0x80b3c (size before relaxing)
 .debug_str     0x000000000008222f      0x4ee ./Drivers/STM32F1xx_HAL_Driver/Src/stm32f1xx_hal_tim_ex.o
                                      0x802dd (size before relaxing)

.comment        0x0000000000000000       0x53
 .comment       0x0000000000000000       0x53 ./Core/Src/7seg.o
                                         0x54 (size before relaxing)
 .comment       0x0000000000000053       0x54 ./Core/Src/button.o
 .comment       0x0000000000000053       0x54 ./Core/Src/global.o
 .comment       0x0000000000000053       0x54 ./Core/Src/main.o
 .comment       0x0000000000000053       0x54 ./Core/Src/mode_control.o
 .comment       0x0000000000000053       0x54 ./Core/Src/scheduler.o
 .comment       0x0000000000000053       0x54 ./Core/Src/stm32f1xx_hal_msp.o
 .comment       0x0000000000000053       0x54 ./Core/Src/stm32f1xx_it.o
 .comment       0x0000000000000053       0x54 ./Core/Src/system_stm32f1xx.o
 .comment       0x0000000000000053       0x54 ./Core/Src/traffic_control.o
 .comment       0x0000000000000053       0x54 ./Drivers/STM32F1xx_HAL_Driver/Src/stm32f1xx_hal.o
 .comment       0x0000000000000053       0x54 ./Drivers/STM32F1xx_HAL_Driver/Src/stm32f1xx_hal_cortex.o
 .comment       0x0000000000000053       0x54 ./Drivers/STM32F1xx_HAL_Driver/Src/stm32f1xx_hal_gpio.o
 .comment       0x0000000000000053       0x54 ./Drivers/STM32F1xx_HAL_Driver/Src/stm32f1xx_hal_rcc.o
 .comment       0x0000000000000053       0x54 ./Drivers/STM32F1xx_HAL_Driver/Src/stm32f1xx_hal_tim.o
 .comment       0x0000000000000053       0x54 ./Drivers/STM32F1xx_HAL_Driver/Src/stm32f1xx_hal_tim_ex.o

.debug_frame    0x0000000000000000     0x29bc
 .debug_frame   0x0000000000000000       0xe0 ./Core/Src/7seg.o
 .debug_frame   0x00000000000000e0       0xa8 ./Core/Src/button.o
 .debug_frame   0x0000000000000188       0x30 ./Core/Src/global.o
 .debug_frame   0x00000000000001b8       0xd4 ./Core/Src/main.o
 .debug_frame   0x000000000000028c       0x2c ./Core/Src/mode_control.o
 .debug_frame   0x00000000000002b8       0xd0 ./Core/Src/scheduler.o
 .debug_frame   0x0000000000000388       0x80 ./Core/Src/stm32f1xx_hal_msp.o
 .debug_frame   0x0000000000000408      0x120 ./Core/Src/stm32f1xx_it.o
 .debug_frame   0x0000000000000528       0x58 ./Core/Src/system_stm32f1xx.o
 .debug_frame   0x0000000000000580      0x144 ./Core/Src/traffic_control.o
 .debug_frame   0x00000000000006c4      0x334 ./Drivers/STM32F1xx_HAL_Driver/Src/stm32f1xx_hal.o
 .debug_frame   0x00000000000009f8      0x428 ./Drivers/STM32F1xx_HAL_Driver/Src/stm32f1xx_hal_cortex.o
 .debug_frame   0x0000000000000e20      0x14c ./Drivers/STM32F1xx_HAL_Driver/Src/stm32f1xx_hal_gpio.o
 .debug_frame   0x0000000000000f6c      0x218 ./Drivers/STM32F1xx_HAL_Driver/Src/stm32f1xx_hal_rcc.o
 .debug_frame   0x0000000000001184     0x11b4 ./Drivers/STM32F1xx_HAL_Driver/Src/stm32f1xx_hal_tim.o
 .debug_frame   0x0000000000002338      0x638 ./Drivers/STM32F1xx_HAL_Driver/Src/stm32f1xx_hal_tim_ex.o
 .debug_frame   0x0000000000002970       0x2c d:/stm32/stm32cubeide_1.7.0/stm32cubeide/plugins/com.st.stm32cube.ide.mcu.externaltools.gnu-tools-for-stm32.9-2020-q2-update.win32_2.0.0.202105311346/tools/bin/../lib/gcc/arm-none-eabi/9.3.1/../../../../arm-none-eabi/lib/thumb/v7-m/nofp\libc_nano.a(lib_a-init.o)
 .debug_frame   0x000000000000299c       0x20 d:/stm32/stm32cubeide_1.7.0/stm32cubeide/plugins/com.st.stm32cube.ide.mcu.externaltools.gnu-tools-for-stm32.9-2020-q2-update.win32_2.0.0.202105311346/tools/bin/../lib/gcc/arm-none-eabi/9.3.1/../../../../arm-none-eabi/lib/thumb/v7-m/nofp\libc_nano.a(lib_a-memset.o)
